
> dashboard-template@0.1.0 build
> next build

node.exe : [baseline-br
owser-mapping] The 
data in this module is 
over two months old.  
To ensure accurate 
Baseline data, please 
update: `npm i baseline
-browser-mapping@latest
 -D`
At line:1 char:1
+ & "C:\Program 
Files\nodejs/node.exe" 
"C:\Program 
Files\nodejs/node_mo 
...
+ ~~~~~~~~~~~~~~~~~~~~~
~~~~~~~~~~~~~~~~~~~~~~~
~~~~~~~~~~~~~~~~~~~~~~~
~~
    + CategoryInfo     
         : NotSpecifi  
  ed: ([baseline-bro   
 ws...ping@latest -    
D`:String) [], Rem    
oteException
    + FullyQualifiedEr 
   rorId : NativeComm  
  andError
 
 ⚠ Warning: Next.js 
inferred your 
workspace root, but it 
may not be correct.
 We detected multiple 
lockfiles and selected 
the directory of 
C:\Users\Rashedul Haque
\package-lock.json as 
the root directory.
 To silence this 
warning, set 
`turbopack.root` in 
your Next.js config, 
or consider removing 
one of the lockfiles 
if it's not needed.
   See https://nextjs.o
rg/docs/app/api-referen
ce/config/next-config-j
s/turbopack#root-direct
ory for more 
information.
 Detected additional 
lockfiles: 
   * C:\Users\Rashedul 
Haque\Project\iwmsadvis
ors-dashboard\package-l
ock.json

   ▲ Next.js 16.0.7 (Turbopack)
   - Environments: .env

 ⚠ The "middleware" 
file convention is 
deprecated. Please use 
"proxy" instead. Learn 
more: https://nextjs.or
g/docs/messages/middlew
are-to-proxy
   Creating an optimized production build ...
[baseline-browser-mappi
ng] The data in this 
module is over two 
months old.  To ensure 
accurate Baseline 
data, please update: 
`npm i baseline-browser
-mapping@latest -D`

> Build error occurred
Error: Turbopack build 
failed with 1 errors:
./Project/iwmsadvisors-
dashboard/src/component
s/features/heroSection/
component/HeroSection.t
sx:18:1
Module not found: 
Can't resolve '@/compon
ents/ui/alert-dialog'
[0m [90m 16 |[39m 
[36mimport[39m [33mH
eroSectionEditModal[39
m [36mfrom[39m [32m"
./HeroSectionEditModal"
[39m[33m;[39m
 [90m 17 |[39m 
[36mimport[39m [33mH
eroSectionViewModal[39
m [36mfrom[39m [32m"
./HeroSectionViewModal"
[39m[33m;[39m
[31m[1m>[22m[39m[9
0m 18 |[39m 
[36mimport[39m {
 [90m    |[39m [31m
[1m^[22m[39m[31m[1m
^[22m[39m[31m[1m^[
22m[39m[31m[1m^[22m
[39m[31m[1m^[22m[3
9m[31m[1m^[22m[39m
[31m[1m^[22m[39m[31
m[1m^[22m[39m
[31m[1m>[22m[39m[9
0m 19 |[39m   [33mAle
rtDialog[39m[33m,[39
m
 [90m    |[39m [31m
[1m^[22m[39m[31m[1m
^[22m[39m[31m[1m^[
22m[39m[31m[1m^[22m
[39m[31m[1m^[22m[3
9m[31m[1m^[22m[39m
[31m[1m^[22m[39m[31
m[1m^[22m[39m[31m[
1m^[22m[39m[31m[1m^
[22m[39m[31m[1m^[2
2m[39m[31m[1m^[22m
[39m[31m[1m^[22m[39
m[31m[1m^[22m[39m
[31m[1m>[22m[39m[9
0m 20 |[39m   [33mAle
rtDialogAction[39m[33
m,[39m
 [90m    |[39m [31m
[1m^[22m[39m[31m[1m
^[22m[39m[31m[1m^[
22m[39m[31m[1m^[22m
[39m[31m[1m^[22m[3
9m[31m[1m^[22m[39m
[31m[1m^[22m[39m[31
m[1m^[22m[39m[31m[
1m^[22m[39m[31m[1m^
[22m[39m[31m[1m^[2
2m[39m[31m[1m^[22m
[39m[31m[1m^[22m[39
m[31m[1m^[22m[39m
[31m[1m>[22m[39m[9
0m 21 |[39m   [33mAle
rtDialogCancel[39m[33
m,[39m
 [90m    |[39m [31m
[1m^[22m[39m[31m[1m
^[22m[39m[31m[1m^[
22m[39m[31m[1m^[22m
[39m[31m[1m^[22m[3
9m[31m[1m^[22m[39m
[31m[1m^[22m[39m[31
m[1m^[22m[39m[31m[
1m^[22m[39m[31m[1m^
[22m[39m[31m[1m^[2
2m[39m[31m[1m^[22m
[39m[31m[1m^[22m[39
m[31m[1m^[22m[39m
[31m[1m>[22m[39m[9
0m 22 |[39m   [33mAle
rtDialogContent[39m[3
3m,[39m
 [90m    |[39m [31m
[1m^[22m[39m[31m[1m
^[22m[39m[31m[1m^[
22m[39m[31m[1m^[22m
[39m[31m[1m^[22m[3
9m[31m[1m^[22m[39m
[31m[1m^[22m[39m[31
m[1m^[22m[39m[31m[
1m^[22m[39m[31m[1m^
[22m[39m[31m[1m^[2
2m[39m[31m[1m^[22m
[39m[31m[1m^[22m[39
m[31m[1m^[22m[39m
[31m[1m>[22m[39m[9
0m 23 |[39m   [33mAle
rtDialogDescription[39
m[33m,[39m
 [90m    |[39m [31m
[1m^[22m[39m[31m[1m
^[22m[39m[31m[1m^[
22m[39m[31m[1m^[22m
[39m[31m[1m^[22m[3
9m[31m[1m^[22m[39m
[31m[1m^[22m[39m[31
m[1m^[22m[39m[31m[
1m^[22m[39m[31m[1m^
[22m[39m[31m[1m^[2
2m[39m[31m[1m^[22m
[39m[31m[1m^[22m[39
m[31m[1m^[22m[39m
[31m[1m>[22m[39m[9
0m 24 |[39m   [33mAle
rtDialogFooter[39m[33
m,[39m
 [90m    |[39m [31m
[1m^[22m[39m[31m[1m
^[22m[39m[31m[1m^[
22m[39m[31m[1m^[22m
[39m[31m[1m^[22m[3
9m[31m[1m^[22m[39m
[31m[1m^[22m[39m[31
m[1m^[22m[39m[31m[
1m^[22m[39m[31m[1m^
[22m[39m[31m[1m^[2
2m[39m[31m[1m^[22m
[39m[31m[1m^[22m[39
m[31m[1m^[22m[39m
[31m[1m>[22m[39m[9
0m 25 |[39m   [33mAle
rtDialogHeader[39m[33
m,[39m
 [90m    |[39m [31m
[1m^[22m[39m[31m[1m
^[22m[39m[31m[1m^[
22m[39m[31m[1m^[22m
[39m[31m[1m^[22m[3
9m[31m[1m^[22m[39m
[31m[1m^[22m[39m[31
m[1m^[22m[39m[31m[
1m^[22m[39m[31m[1m^
[22m[39m[31m[1m^[2
2m[39m[31m[1m^[22m
[39m[31m[1m^[22m[39
m[31m[1m^[22m[39m
[31m[1m>[22m[39m[9
0m 26 |[39m   [33mAle
rtDialogTitle[39m[33m
,[39m
 [90m    |[39m [31m
[1m^[22m[39m[31m[1m
^[22m[39m[31m[1m^[
22m[39m[31m[1m^[22m
[39m[31m[1m^[22m[3
9m[31m[1m^[22m[39m
[31m[1m^[22m[39m[31
m[1m^[22m[39m[31m[
1m^[22m[39m[31m[1m^
[22m[39m[31m[1m^[2
2m[39m[31m[1m^[22m
[39m[31m[1m^[22m[39
m[31m[1m^[22m[39m
[31m[1m>[22m[39m[9
0m 27 |[39m } 
[36mfrom[39m [32m"@/
components/ui/alert-dia
log"[39m[33m;[39m
 [90m    |[39m [31m
[1m^[22m[39m[31m[1m
^[22m[39m[31m[1m^[
22m[39m[31m[1m^[22m
[39m[31m[1m^[22m[3
9m[31m[1m^[22m[39m
[31m[1m^[22m[39m[31
m[1m^[22m[39m[31m[
1m^[22m[39m[31m[1m^
[22m[39m[31m[1m^[2
2m[39m[31m[1m^[22m
[39m[31m[1m^[22m[39
m[31m[1m^[22m[39m[
31m[1m^[22m[39m[31m
[1m^[22m[39m[31m[1
m^[22m[39m[31m[1m^
[22m[39m[31m[1m^[22
m[39m[31m[1m^[22m[
39m[31m[1m^[22m[39m
[31m[1m^[22m[39m[3
1m[1m^[22m[39m[31m
[1m^[22m[39m[31m[1m
^[22m[39m[31m[1m^[
22m[39m[31m[1m^[22m
[39m[31m[1m^[22m[3
9m[31m[1m^[22m[39m
[31m[1m^[22m[39m[31
m[1m^[22m[39m[31m[
1m^[22m[39m[31m[1m^
[22m[39m[31m[1m^[2
2m[39m[31m[1m^[22m
[39m[31m[1m^[22m[39
m[31m[1m^[22m[39m[
31m[1m^[22m[39m[31m
[1m^[22m[39m
 [90m 28 |[39m 
[36mimport[39m { 
toast } [36mfrom[39m 
[32m"sonner"[39m[33m
;[39m
 [90m 29 |[39m 
[36mimport[39m { 
[33mHeroSection[39m 
[36mas[39m [33mHeroS
ectionType[39m } 
[36mfrom[39m [32m"..
/types/heroSection.type
"[39m[33m;[39m
 [90m 30 |[39m 
[36mimport[39m 
[33mImage[39m 
[36mfrom[39m [32m"ne
xt/image"[39m[33m;[3
9m[0m

Import map: aliased to 
relative './src/compone
nts/ui/alert-dialog' 
inside of [project]/Pro
ject/iwmsadvisors-dashb
oard


Import trace:
  Server Component:
    ./Project/iwmsadvis
ors-dashboard/src/compo
nents/features/heroSect
ion/component/HeroSecti
on.tsx
    ./Project/iwmsadvis
ors-dashboard/src/app/(
dashboard)/content-mana
gement/hero-section/pag
e.tsx

https://nextjs.org/docs
/messages/module-not-fo
und


    at <unknown> (./Pro
ject/iwmsadvisors-dashb
oard/src/components/fea
tures/heroSection/compo
nent/HeroSection.tsx:18
:1)
    at <unknown> (https
://nextjs.org/docs/mess
ages/module-not-found)
